2026/08/04 09:36:18 Heartbeat received
2026/08/04 09:36:18 Sending start human detection command to ws client
2026/08/04 09:36:19 Ws Message:  Human Detected
2026/08/04 09:36:19 Sending start recording command to ws client
2026/08/04 09:36:20 Received binary message
2026/08/04 09:36:20 Audio stream received, but not recording
2026/08/04 09:36:20 Received binary message
2026/08/04 09:36:20 Audio stream received, but not recording
2026/08/04 09:36:20 Recording started: ./recordings/1785816380.wav
2026/08/04 09:36:20 Received binary message
2026/08/04 09:36:20 Received binary message
2026/08/04 09:36:20 Received binary message
2026/08/04 09:36:20 Received binary message
2026/08/04 09:36:20 Received binary message
2026/08/04 09:36:20 Received binary message
2026/08/04 09:36:20 Received binary message
2026/08/04 09:36:20 Received binary message
2026/08/04 09:36:20 Received binary message
2026/08/04 09:36:20 Received binary message
2026/08/04 09:36:20 Received binary message
2026/08/04 09:36:20 Received binary message
2026/08/04 09:36:20 Received binary message
2026/08/04 09:36:20 Received binary message
2026/08/04 09:36:20 Received binary message
2026/08/04 09:36:20 Received binary message
2026/08/04 09:36:20 Received binary message
2026/08/04 09:36:20 Received binary message
2026/08/04 09:36:20 Received binary message
2026/08/04 09:36:21 Received binary message
2026/08/04 09:36:21 Received binary message
2026/08/04 09:36:21 Received binary message
2026/08/04 09:36:21 Received binary message
2026/08/04 09:36:21 Received binary message
2026/08/04 09:36:21 Received binary message
2026/08/04 09:36:21 Received binary message
2026/08/04 09:36:21 Received binary message
2026/08/04 09:36:21 Received binary message
2026/08/04 09:36:21 Received binary message
2026/08/04 09:36:21 Received binary message
2026/08/04 09:36:21 Received binary message
2026/08/04 09:36:21 Received binary message
2026/08/04 09:36:21 Received binary message
2026/08/04 09:36:21 Received binary message
2026/08/04 09:36:21 Received binary message
2026/08/04 09:36:21 Received binary message
2026/08/04 09:36:21 Received binary message
2026/08/04 09:36:21 Received binary message
2026/08/04 09:36:21 Received binary message
2026/08/04 09:36:21 Received binary message
2026/08/04 09:36:21 Received binary message
2026/08/04 09:36:21 Received binary message
2026/08/04 09:36:21 Received binary message
2026/08/04 09:36:21 Received binary message
2026/08/04 09:36:21 Received binary message
2026/08/04 09:36:21 Received binary message
2026/08/04 09:36:21 Received binary message
2026/08/04 09:36:21 Received binary message
2026/08/04 09:36:21 Received binary message
2026/08/04 09:36:21 Received binary message
2026/08/04 09:36:22 Received binary message
2026/08/04 09:36:22 Received binary message
2026/08/04 09:36:22 Received binary message
2026/08/04 09:36:22 Received binary message
2026/08/04 09:36:22 Received binary message
2026/08/04 09:36:22 Received binary message
2026/08/04 09:36:22 Received binary message
2026/08/04 09:36:22 Received binary message
2026/08/04 09:36:22 Received binary message
2026/08/04 09:36:22 Received binary message
2026/08/04 09:36:22 Received binary message
2026/08/04 09:36:22 Received binary message
2026/08/04 09:36:22 Received binary message
2026/08/04 09:36:22 Received binary message
2026/08/04 09:36:22 Received binary message
2026/08/04 09:36:22 Received binary message
2026/08/04 09:36:22 Received binary message
2026/08/04 09:36:22 Received binary message
2026/08/04 09:36:22 Received binary message
2026/08/04 09:36:22 Received binary message
2026/08/04 09:36:22 Received binary message
2026/08/04 09:36:22 Received binary message
2026/08/04 09:36:22 Received binary message
2026/08/04 09:36:22 Received binary message
2026/08/04 09:36:22 Received binary message
2026/08/04 09:36:22 Received binary message
2026/08/04 09:36:22 Received binary message
2026/08/04 09:36:22 Received binary message
2026/08/04 09:36:22 Received binary message
2026/08/04 09:36:22 Received binary message
2026/08/04 09:36:22 Received binary message
2026/08/04 09:36:23 Received binary message
2026/08/04 09:36:23 Received binary message
2026/08/04 09:36:23 Received binary message
2026/08/04 09:36:23 Received binary message
2026/08/04 09:36:23 Received binary message
2026/08/04 09:36:23 Received binary message
2026/08/04 09:36:23 Received binary message
2026/08/04 09:36:23 Received binary message
2026/08/04 09:36:23 Received binary message
2026/08/04 09:36:23 Received binary message
2026/08/04 09:36:23 Received binary message
2026/08/04 09:36:23 Received binary message
2026/08/04 09:36:23 Received binary message
2026/08/04 09:36:23 Received binary message
2026/08/04 09:36:23 Received binary message
2026/08/04 09:36:23 Received binary message
2026/08/04 09:36:23 Received binary message
2026/08/04 09:36:23 Received binary message
2026/08/04 09:36:23 Received binary message
2026/08/04 09:36:23 Received binary message
2026/08/04 09:36:23 Received binary message
2026/08/04 09:36:23 Received binary message
2026/08/04 09:36:23 Received binary message
2026/08/04 09:36:23 Received binary message
2026/08/04 09:36:23 Received binary message
2026/08/04 09:36:23 Received binary message
2026/08/04 09:36:23 Received binary message
2026/08/04 09:36:23 Received binary message
2026/08/04 09:36:23 Received binary message
2026/08/04 09:36:23 Received binary message
2026/08/04 09:36:23 Received binary message
2026/08/04 09:36:23 Received binary message
2026/08/04 09:36:24 Received binary message
2026/08/04 09:36:24 Received binary message
2026/08/04 09:36:24 Received binary message
2026/08/04 09:36:24 Received binary message
2026/08/04 09:36:24 Received binary message
2026/08/04 09:36:24 Received binary message
2026/08/04 09:36:24 Received binary message
2026/08/04 09:36:24 Received binary message
2026/08/04 09:36:24 Received binary message
2026/08/04 09:36:24 Received binary message
2026/08/04 09:36:24 Received binary message
2026/08/04 09:36:24 Received binary message
2026/08/04 09:36:24 Received binary message
2026/08/04 09:36:24 Received binary message
2026/08/04 09:36:24 Received binary message
2026/08/04 09:36:24 Received binary message
2026/08/04 09:36:24 Received binary message
2026/08/04 09:36:24 Received binary message
2026/08/04 09:36:24 Received binary message
2026/08/04 09:36:24 Received binary message
2026/08/04 09:36:24 Received binary message
2026/08/04 09:36:24 Received binary message
2026/08/04 09:36:24 Received binary message
2026/08/04 09:36:24 Received binary message
2026/08/04 09:36:24 Received binary message
2026/08/04 09:36:24 Received binary message
2026/08/04 09:36:24 Received binary message
2026/08/04 09:36:24 Received binary message
2026/08/04 09:36:24 Received binary message
2026/08/04 09:36:24 Received binary message
2026/08/04 09:36:24 Received binary message
2026/08/04 09:36:25 Received binary message
2026/08/04 09:36:25 Received binary message
2026/08/04 09:36:25 Received binary message
2026/08/04 09:36:25 Received binary message
2026/08/04 09:36:25 Received binary message
2026/08/04 09:36:25 Received binary message
2026/08/04 09:36:25 Received binary message
2026/08/04 09:36:25 Received binary message
2026/08/04 09:36:25 Received binary message
2026/08/04 09:36:25 Received binary message
2026/08/04 09:36:25 Received binary message
2026/08/04 09:36:25 Received binary message
2026/08/04 09:36:25 Received binary message
2026/08/04 09:36:25 Received binary message
2026/08/04 09:36:25 Received binary message
2026/08/04 09:36:25 Received binary message
2026/08/04 09:36:25 Received binary message
2026/08/04 09:36:25 Received binary message
2026/08/04 09:36:25 Received binary message
2026/08/04 09:36:25 Received binary message
2026/08/04 09:36:25 Received binary message
2026/08/04 09:36:25 Received binary message
2026/08/04 09:36:25 Received binary message
2026/08/04 09:36:25 Received binary message
2026/08/04 09:36:25 Received binary message
2026/08/04 09:36:25 Received binary message
2026/08/04 09:36:25 Received binary message
2026/08/04 09:36:25 Received binary message
2026/08/04 09:36:25 Received binary message
2026/08/04 09:36:25 Received binary message
2026/08/04 09:36:25 Received binary message
2026/08/04 09:36:26 Received binary message
2026/08/04 09:36:26 Received binary message
2026/08/04 09:36:26 Received binary message
2026/08/04 09:36:26 Received binary message
2026/08/04 09:36:26 Received binary message
2026/08/04 09:36:26 Received binary message
2026/08/04 09:36:26 Received binary message
2026/08/04 09:36:26 Received binary message
2026/08/04 09:36:26 Received binary message
2026/08/04 09:36:26 Received binary message
2026/08/04 09:36:26 Received binary message
2026/08/04 09:36:26 Received binary message
2026/08/04 09:36:26 Received binary message
2026/08/04 09:36:26 Received binary message
2026/08/04 09:36:26 Received binary message
2026/08/04 09:36:26 Received binary message
2026/08/04 09:36:26 Received binary message
2026/08/04 09:36:26 Received binary message
2026/08/04 09:36:26 Received binary message
2026/08/04 09:36:26 Received binary message
2026/08/04 09:36:26 Received binary message
2026/08/04 09:36:26 Received binary message
2026/08/04 09:36:26 Received binary message
2026/08/04 09:36:26 Received binary message
2026/08/04 09:36:26 Received binary message
2026/08/04 09:36:26 Received binary message
2026/08/04 09:36:26 Received binary message
2026/08/04 09:36:26 Received binary message
2026/08/04 09:36:26 Received binary message
2026/08/04 09:36:26 Received binary message
2026/08/04 09:36:26 Received binary message
2026/08/04 09:36:27 Received binary message
2026/08/04 09:36:27 Received binary message
2026/08/04 09:36:27 Received binary message
2026/08/04 09:36:27 Received binary message
2026/08/04 09:36:27 Received binary message
2026/08/04 09:36:27 Received binary message
2026/08/04 09:36:27 Received binary message
2026/08/04 09:36:27 Received binary message
2026/08/04 09:36:27 Received binary message
2026/08/04 09:36:27 Received binary message
2026/08/04 09:36:27 Received binary message
2026/08/04 09:36:27 Received binary message
2026/08/04 09:36:27 Received binary message
2026/08/04 09:36:27 Received binary message
2026/08/04 09:36:27 Received binary message
2026/08/04 09:36:27 Received binary message
2026/08/04 09:36:27 Received binary message
2026/08/04 09:36:27 Received binary message
2026/08/04 09:36:27 Received binary message
2026/08/04 09:36:27 Received binary message
2026/08/04 09:36:27 Received binary message
2026/08/04 09:36:27 Received binary message
2026/08/04 09:36:27 Received binary message
2026/08/04 09:36:27 Received binary message
2026/08/04 09:36:27 Received binary message
2026/08/04 09:36:27 Received binary message
2026/08/04 09:36:27 Received binary message
2026/08/04 09:36:27 Received binary message
2026/08/04 09:36:27 Received binary message
2026/08/04 09:36:27 Received binary message
2026/08/04 09:36:27 Received binary message
2026/08/04 09:36:28 Received binary message
2026/08/04 09:36:28 Received binary message
2026/08/04 09:36:28 Received binary message
2026/08/04 09:36:28 Received binary message
2026/08/04 09:36:28 Received binary message
2026/08/04 09:36:28 Received binary message
2026/08/04 09:36:28 Received binary message
2026/08/04 09:36:28 Received binary message
2026/08/04 09:36:28 Received binary message
2026/08/04 09:36:28 Received binary message
2026/08/04 09:36:28 Received binary message
2026/08/04 09:36:28 Received binary message
2026/08/04 09:36:28 Received binary message
2026/08/04 09:36:28 Received binary message
2026/08/04 09:36:28 Received binary message
2026/08/04 09:36:28 Received binary message
2026/08/04 09:36:28 Received binary message
2026/08/04 09:36:28 Received binary message
2026/08/04 09:36:28 Received binary message
2026/08/04 09:36:28 Received binary message
2026/08/04 09:36:28 Received binary message
2026/08/04 09:36:28 Heartbeat received
2026/08/04 09:36:28 Received binary message
2026/08/04 09:36:28 Received binary message
2026/08/04 09:36:28 Received binary message
2026/08/04 09:36:28 Received binary message
2026/08/04 09:36:28 Received binary message
2026/08/04 09:36:28 Received binary message
2026/08/04 09:36:28 Received binary message
2026/08/04 09:36:28 Received binary message
2026/08/04 09:36:28 Received binary message
2026/08/04 09:36:28 Received binary message
2026/08/04 09:36:28 Received binary message
2026/08/04 09:36:29 Received binary message
2026/08/04 09:36:29 Received binary message
2026/08/04 09:36:29 Received binary message
2026/08/04 09:36:29 Received binary message
2026/08/04 09:36:29 Received binary message
2026/08/04 09:36:29 Received binary message
2026/08/04 09:36:29 Received binary message
2026/08/04 09:36:29 Received binary message
2026/08/04 09:36:29 Received binary message
2026/08/04 09:36:29 Received binary message
2026/08/04 09:36:29 Received binary message
2026/08/04 09:36:29 Received binary message
2026/08/04 09:36:29 Received binary message
2026/08/04 09:36:29 Received binary message
2026/08/04 09:36:29 Received binary message
2026/08/04 09:36:29 Received binary message
2026/08/04 09:36:29 Received binary message
2026/08/04 09:36:29 Received binary message
2026/08/04 09:36:29 Received binary message
2026/08/04 09:36:29 Received binary message
2026/08/04 09:36:29 Received binary message
2026/08/04 09:36:29 Received binary message
2026/08/04 09:36:29 Received binary message
2026/08/04 09:36:29 Received binary message
2026/08/04 09:36:29 Received binary message
2026/08/04 09:36:29 Received binary message
2026/08/04 09:36:29 Received binary message
2026/08/04 09:36:29 Received binary message
2026/08/04 09:36:29 Received binary message
2026/08/04 09:36:29 Received binary message
2026/08/04 09:36:29 Received binary message
2026/08/04 09:36:30 Received binary message
2026/08/04 09:36:30 Received binary message
2026/08/04 09:36:30 Received binary message
2026/08/04 09:36:30 Received binary message
2026/08/04 09:36:30 Received binary message
2026/08/04 09:36:30 Received binary message
2026/08/04 09:36:30 Received binary message
2026/08/04 09:36:30 Received binary message
2026/08/04 09:36:30 Received binary message
2026/08/04 09:36:30 Received binary message
2026/08/04 09:36:30 Received binary message
2026/08/04 09:36:30 Received binary message
2026/08/04 09:36:30 Received binary message
2026/08/04 09:36:30 Received binary message
2026/08/04 09:36:30 Received binary message
2026/08/04 09:36:30 Received binary message
2026/08/04 09:36:30 Received binary message
2026/08/04 09:36:30 Received binary message
2026/08/04 09:36:30 Received binary message
2026/08/04 09:36:30 Received binary message
2026/08/04 09:36:30 Received binary message
2026/08/04 09:36:30 Received binary message
2026/08/04 09:36:30 Received binary message
2026/08/04 09:36:30 Received binary message
2026/08/04 09:36:30 Received binary message
2026/08/04 09:36:30 Received binary message
2026/08/04 09:36:30 Received binary message
2026/08/04 09:36:30 Received binary message
2026/08/04 09:36:30 Received binary message
2026/08/04 09:36:30 Received binary message
2026/08/04 09:36:30 Received binary message
2026/08/04 09:36:31 Received binary message
2026/08/04 09:36:31 Received binary message
2026/08/04 09:36:31 Received binary message
2026/08/04 09:36:31 Received binary message
2026/08/04 09:36:31 Received binary message
2026/08/04 09:36:31 Received binary message
2026/08/04 09:36:31 Received binary message
2026/08/04 09:36:31 Received binary message
2026/08/04 09:36:31 Received binary message
2026/08/04 09:36:31 Received binary message
2026/08/04 09:36:31 Received binary message
2026/08/04 09:36:31 Received binary message
2026/08/04 09:36:31 Received binary message
2026/08/04 09:36:31 Received binary message
2026/08/04 09:36:31 Received binary message
2026/08/04 09:36:31 Received binary message
2026/08/04 09:36:31 Received binary message
2026/08/04 09:36:31 Received binary message
2026/08/04 09:36:31 Received binary message
2026/08/04 09:36:31 Received binary message
2026/08/04 09:36:31 Received binary message
2026/08/04 09:36:31 Received binary message
2026/08/04 09:36:31 Received binary message
2026/08/04 09:36:31 Received binary message
2026/08/04 09:36:31 Received binary message
2026/08/04 09:36:31 Received binary message
2026/08/04 09:36:31 Received binary message
2026/08/04 09:36:31 Received binary message
2026/08/04 09:36:31 Received binary message
2026/08/04 09:36:31 Received binary message
2026/08/04 09:36:31 Received binary message
2026/08/04 09:36:32 Received binary message
2026/08/04 09:36:32 Received binary message
2026/08/04 09:36:32 Received binary message
2026/08/04 09:36:32 Received binary message
2026/08/04 09:36:32 Received binary message
2026/08/04 09:36:32 Received binary message
2026/08/04 09:36:32 Received binary message
2026/08/04 09:36:32 Received binary message
2026/08/04 09:36:32 Received binary message
2026/08/04 09:36:32 Received binary message
2026/08/04 09:36:32 Received binary message
2026/08/04 09:36:32 Received binary message
2026/08/04 09:36:32 Received binary message
2026/08/04 09:36:32 Received binary message
2026/08/04 09:36:32 Received binary message
2026/08/04 09:36:32 Received binary message
2026/08/04 09:36:32 Received binary message
2026/08/04 09:36:32 Received binary message
2026/08/04 09:36:32 Received binary message
2026/08/04 09:36:32 Received binary message
2026/08/04 09:36:32 Received binary message
2026/08/04 09:36:32 Received binary message
2026/08/04 09:36:32 Received binary message
2026/08/04 09:36:32 Received binary message
2026/08/04 09:36:32 Received binary message
2026/08/04 09:36:32 Received binary message
2026/08/04 09:36:32 Received binary message
2026/08/04 09:36:32 Received binary message
2026/08/04 09:36:32 Received binary message
2026/08/04 09:36:32 Received binary message
2026/08/04 09:36:32 Received binary message
2026/08/04 09:36:32 Received binary message
2026/08/04 09:36:33 Received binary message
2026/08/04 09:36:33 Received binary message
2026/08/04 09:36:33 Received binary message
2026/08/04 09:36:33 Received binary message
2026/08/04 09:36:33 Received binary message
2026/08/04 09:36:33 Received binary message
2026/08/04 09:36:33 Received binary message
2026/08/04 09:36:33 Received binary message
2026/08/04 09:36:33 Received binary message
2026/08/04 09:36:33 Received binary message
2026/08/04 09:36:33 Received binary message
2026/08/04 09:36:33 Received binary message
2026/08/04 09:36:33 Received binary message
2026/08/04 09:36:33 Received binary message
2026/08/04 09:36:33 Received binary message
2026/08/04 09:36:33 Received binary message
2026/08/04 09:36:33 Received binary message
2026/08/04 09:36:33 Received binary message
2026/08/04 09:36:33 Received binary message
2026/08/04 09:36:33 Received binary message
2026/08/04 09:36:33 Received binary message
2026/08/04 09:36:33 Received binary message
2026/08/04 09:36:33 Received binary message
2026/08/04 09:36:33 Received binary message
2026/08/04 09:36:33 Received binary message
2026/08/04 09:36:33 Received binary message
2026/08/04 09:36:33 Received binary message
2026/08/04 09:36:33 Received binary message
2026/08/04 09:36:33 Received binary message
2026/08/04 09:36:33 Received binary message
2026/08/04 09:36:33 Received binary message
2026/08/04 09:36:34 Received binary message
2026/08/04 09:36:34 Received binary message
2026/08/04 09:36:34 Received binary message
2026/08/04 09:36:34 Received binary message
2026/08/04 09:36:34 Received binary message
2026/08/04 09:36:34 Received binary message
2026/08/04 09:36:34 Received binary message
2026/08/04 09:36:34 Received binary message
2026/08/04 09:36:34 Received binary message
2026/08/04 09:36:34 Received binary message
2026/08/04 09:36:34 Received binary message
2026/08/04 09:36:34 Received binary message
2026/08/04 09:36:34 Received binary message
2026/08/04 09:36:34 Received binary message
2026/08/04 09:36:34 Received binary message
2026/08/04 09:36:34 Received binary message
2026/08/04 09:36:34 Received binary message
2026/08/04 09:36:34 Received binary message
2026/08/04 09:36:34 Received binary message
2026/08/04 09:36:34 Received binary message
2026/08/04 09:36:34 Received binary message
2026/08/04 09:36:34 Received binary message
2026/08/04 09:36:34 Received binary message
2026/08/04 09:36:34 Received binary message
2026/08/04 09:36:34 Received binary message
2026/08/04 09:36:34 Received binary message
2026/08/04 09:36:34 Received binary message
2026/08/04 09:36:34 Received binary message
2026/08/04 09:36:34 Received binary message
2026/08/04 09:36:34 Received binary message
2026/08/04 09:36:34 Received binary message
2026/08/04 09:36:35 Received binary message
2026/08/04 09:36:35 Received binary message
2026/08/04 09:36:35 Received binary message
2026/08/04 09:36:35 Received binary message
2026/08/04 09:36:35 Received binary message
2026/08/04 09:36:35 Received binary message
2026/08/04 09:36:35 Received binary message
2026/08/04 09:36:35 Received binary message
2026/08/04 09:36:35 Received binary message
2026/08/04 09:36:35 Received binary message
2026/08/04 09:36:35 Received binary message
2026/08/04 09:36:35 Received binary message
2026/08/04 09:36:35 Received binary message
2026/08/04 09:36:35 Received binary message
2026/08/04 09:36:35 Received binary message
2026/08/04 09:36:35 Received binary message
2026/08/04 09:36:35 Received binary message
2026/08/04 09:36:35 Received binary message
2026/08/04 09:36:35 Received binary message
2026/08/04 09:36:35 Received binary message
2026/08/04 09:36:35 Received binary message
2026/08/04 09:36:35 Received binary message
2026/08/04 09:36:35 Received binary message
2026/08/04 09:36:35 Received binary message
2026/08/04 09:36:35 Received binary message
2026/08/04 09:36:35 Received binary message
2026/08/04 09:36:35 Received binary message
2026/08/04 09:36:35 Received binary message
2026/08/04 09:36:35 Received binary message
2026/08/04 09:36:35 Received binary message
2026/08/04 09:36:35 Received binary message
2026/08/04 09:36:36 Received binary message
2026/08/04 09:36:36 Received binary message
2026/08/04 09:36:36 Received binary message
2026/08/04 09:36:36 Received binary message
2026/08/04 09:36:36 Received binary message
2026/08/04 09:36:36 Received binary message
2026/08/04 09:36:36 Received binary message
2026/08/04 09:36:36 Received binary message
2026/08/04 09:36:36 Received binary message
2026/08/04 09:36:36 Received binary message
2026/08/04 09:36:36 Received binary message
2026/08/04 09:36:36 Received binary message
2026/08/04 09:36:36 Received binary message
2026/08/04 09:36:36 Received binary message
2026/08/04 09:36:36 Received binary message
2026/08/04 09:36:36 Received binary message
2026/08/04 09:36:36 Received binary message
2026/08/04 09:36:36 Received binary message
2026/08/04 09:36:36 Received binary message
2026/08/04 09:36:36 Recording finalized: ./recordings/1785816380.wav
2026/08/04 09:36:38 Notifying subscribers about new recording: https://terrace-recs.s3.us-east-005.backblazeb2.com/2026/08/04/82fcd0d5-ad57-4e6c-9827-d284d13cc1b3.wav?X-Amz-Algorithm=AWS4-HMAC-SHA256&X-Amz-Checksum-Mode=ENABLED&X-Amz-Credential=005106d340fd53d0000000002%2F20260804%2Fus-east-005%2Fs3%2Faws4_request&X-Amz-Date=20260804T040638Z&X-Amz-Expires=604800&X-Amz-SignedHeaders=host&x-id=GetObject&X-Amz-Signature=527ea97ea91c09aead3251a085ea03f06ab91a9cb2c436486147a855aca3736d
2026/08/04 09:36:59 Recording complete
2026/08/04 09:36:59 Received binary message
2026/08/04 09:36:59 Audio stream received, but not recording
2026/08/04 09:36:59 Heartbeat received
2026/08/04 09:36:59 Heartbeat received
2026/08/04 09:36:59 Heartbeat received
2026/08/04 09:37:08 Heartbeat received
2026/08/04 09:37:18 Heartbeat received
2026/08/04 09:37:28 Heartbeat received
2026/08/04 09:37:38 Heartbeat received
2026/08/04 09:37:48 Heartbeat received
2026/08/04 09:37:58 Heartbeat received
2026/08/04 09:38:08 Heartbeat received
2026/08/04 09:38:18 Heartbeat received
2026/08/04 09:38:28 Heartbeat received
2026/08/04 09:38:28 Sending start human detection command to ws client
2026/08/04 09:38:29 Ws Message:  Human Detected
2026/08/04 09:38:38 Heartbeat received
2026/08/04 09:38:48 Heartbeat received
